// Jest Snapshot v1, https://goo.gl/fbAQLP

exports[`Add Redelivery should render the add redelivery form 1`] = `
<div>
  <h2>
    Add Redelivery
  </h2>
  <RedeliveryForm
    onSubmit={[Function]}
  />
</div>
`;
