// Jest Snapshot v1, https://goo.gl/fbAQLP

exports[`Navbar test should render the navbar 1`] = `
<nav
  className="navbar navbar-default navbar-fixed-top"
>
  <div
    className="container-fluid"
  >
    <div
      className="navbar-header"
    >
      <button
        className="navbar-btn navbar-toggle collapsed"
        onClick={[Function]}
        type="button"
      >
        <span
          className="sr-only"
        >
          Toggle Navigation
        </span>
        <span
          className="icon-bar"
        />
        <span
          className="icon-bar"
        />
        <span
          className="icon-bar"
        />
      </button>
    </div>
  </div>
</nav>
`;
