// Jest Snapshot v1, https://goo.gl/fbAQLP

exports[`Yodel Dashboard should render correctly 1`] = `<div />`;
